lmutil - Copyright (c) 1989-2023 Flexera. All Rights Reserved.
Flexible License Manager status on Wed 9/3/2025 13:04

[Detecting lmgrd processes...]
License server status: 25734@wa2vmp275
    License file(s) on wa2vmp275: D:\Program Files (x86)\SolidNetWork License Manager\licenses\sw_d.lic:

 wa2vmp275: license server UP (MASTER) v11.19.6

Vendor daemon status (on wa2vmp275):

      SW_D: UP v11.19.6
Feature usage info:

Users of cae_cwstd:  (Total of 2 licenses issued;  Total of 0 licenses in use)

Users of cae_cosmosfloworkspe:  (Total of 2 licenses issued;  Total of 0 licenses in use)

Users of swofficepremium:  (Total of 13 licenses issued;  Total of 10 licenses in use)

  "swofficepremium" v32.0, vendor: SW_D, expiry: 03-dec-2026
  vendor_string: sd=12-03-2024
  floating license

    WEJ1WEE PC-PF3WTZ7K PC-PF3WTZ7K (v12.0) (wa2vmp275/25734 27617), start Wed 9/3 7:28
    MSA8WEE PC-PW09BLD9 PC-PW09BLD9 (v12.0) (wa2vmp275/25734 25447), start Wed 9/3 7:32
    SCV2CR PC01136 PC01136 (v12.0) (wa2vmp275/25734 18809), start Wed 9/3 7:48
    MSA4WEE PC-PW09BLEV PC-PW09BLEV (v12.0) (wa2vmp275/25734 11976), start Wed 9/3 7:58
    scr1wee PC-PF3WMWR8 PC-PF3WMWR8 (v12.0) (wa2vmp275/25734 6189), start Wed 9/3 8:15
    SCM1WEE PC-PW0GQ99G PC-PW0GQ99G (v12.0) (wa2vmp275/25734 5888), start Wed 9/3 8:58
    rjr5vra PC-PW05PBXV PC-PW05PBXV (v12.0) (wa2vmp275/25734 22111), start Wed 9/3 9:22
    MSA8WEE PC-PF3WMWTB PC-PF3WMWTB (v12.0) (wa2vmp275/25734 8137), start Wed 9/3 9:27
    PRM1CR PC01133 PC01133 (v12.0) (wa2vmp275/25734 12506), start Wed 9/3 12:28
    SRG1CR PC-PF2F0TAD PC-PF2F0TAD (v12.0) (wa2vmp275/25734 3679), start Wed 9/3 13:00

Users of solidworks:  (Total of 339 licenses issued;  Total of 239 licenses in use)

  "solidworks" v32.0, vendor: SW_D, expiry: 03-dec-2026
  vendor_string: sd=12-03-2024
  floating license

    MAT3WA2 PC-CZC909868N PC-PF3073BN (v31.0) (wa2vmp275/25734 22225), start Tue 9/2 14:36
    JGC1HZ2 CR-VDI050 PC-PW08RQDH (v31.0) (wa2vmp275/25734 31738), start Wed 9/3 3:27
    KIB1BNG PC-PF2YGCPB PC-PF2YGCPB (v31.0) (wa2vmp275/25734 8449), start Wed 9/3 6:37
    WTT1CR PC-PF3ESQNM PC-PF3ESQNM (v31.0) (wa2vmp275/25734 7050), start Wed 9/3 9:08
    jns1hz2 HZ2-VDI077 PC00761 (v31.0) (wa2vmp275/25734 25535), start Wed 9/3 7:50
    PRS1GOA VDI00000000Pj0Y VDI00000000Pj0Y (v31.0) (wa2vmp275/25734 31209), start Wed 9/3 9:46
    SDA1BRI PC-PF3QDY8E PC-PF3QDY8E (v31.0) (wa2vmp275/25734 32758), start Wed 9/3 8:03
    grk1bng VDI00000000ZGn9 VDI00000000ZGn9 (v31.0) (wa2vmp275/25734 1870), start Wed 9/3 8:41
    TCH1BRI PC-PF2YVYD8 PC-PF2YVYD8 (v31.0) (wa2vmp275/25734 9313), start Wed 9/3 9:09
    HLJ2CR VDI00000000tcGK VDI00000000tcGK (v31.0) (wa2vmp275/25734 7515), start Wed 9/3 9:27
    SES6CR PC-PF3T0J49 PC-PF3T0J49 (v31.0) (wa2vmp275/25734 9891), start Wed 9/3 9:32
    rus1cr CR-VDI002 CR-VDI002 (v31.0) (wa2vmp275/25734 20726), start Wed 9/3 9:45
    shp1cr VDI00000000A9KP VDI00000000A9KP (v31.0) (wa2vmp275/25734 19077), start Wed 9/3 9:50
    KLR3TEZ PC-PF3TT9X0 PC-PF3TT9X0 (v31.0) (wa2vmp275/25734 589), start Wed 9/3 10:08
    RHA3BNG PC-PF4GMNW0 PC-PF4GMNW0 (v31.0) (wa2vmp275/25734 10871), start Wed 9/3 10:09
    KED1GOA VDI00000000qHhF VDI00000000qHhF (v31.0) (wa2vmp275/25734 29510), start Wed 9/3 10:11
    SRE2CR PC-PF3VHGXD PC-PF3VHGXD (v31.0) (wa2vmp275/25734 14735), start Wed 9/3 10:14
    SAP1CR PC-PF55MVTT PC-PF55MVTT (v31.0) (wa2vmp275/25734 31115), start Wed 9/3 10:15
    BRK1GOA VDI00000000p3FS VDI00000000p3FS (v31.0) (wa2vmp275/25734 8090), start Wed 9/3 10:27
    BON1CR PC-PF2YESRC PC-PF2YESRC (v31.0) (wa2vmp275/25734 24476), start Wed 9/3 10:31
    eka3cr VDI00000000zMtU VDI00000000zMtU (v31.0) (wa2vmp275/25734 10069), start Wed 9/3 10:39
    GIN1GOA VDI00000000NwBp VDI00000000NwBp (v31.0) (wa2vmp275/25734 16714), start Wed 9/3 10:47
    brc1cr VDI00000000NYUY VDI00000000NYUY (v31.0) (wa2vmp275/25734 19360), start Wed 9/3 10:47
    VNB1WEE PCWEE468 PCWEE468 (v31.0) (wa2vmp275/25734 33638), start Wed 9/3 10:48
    DIA2VRA CR-Z5958 PC-PF5EN4AC (v31.0) (wa2vmp275/25734 4003), start Wed 9/3 10:53
    NKE1GOA VDI00000000HZhg VDI00000000HZhg (v31.0) (wa2vmp275/25734 6801), start Wed 9/3 10:54
    sem1rem PC-PF3VEVV2 PC-PF3VEVV2 (v31.0) (wa2vmp275/25734 21509), start Wed 9/3 10:55
    rop2cr VDI000000009J7K VDI000000009J7K (v31.0) (wa2vmp275/25734 38101), start Wed 9/3 10:55
    krr1cr VDI00000000LlFV VDI00000000LlFV (v31.0) (wa2vmp275/25734 11193), start Wed 9/3 10:55
    BAA4CR PC-PF4XJS77 PC-PF4XJS77 (v31.0) (wa2vmp275/25734 5581), start Wed 9/3 11:02
    KUE2CR PC-PF55N1CK PC-PF55N1CK (v31.0) (wa2vmp275/25734 12761), start Wed 9/3 11:02
    JEB1SAN PC-PF3Z8Z2E PC-PF3Z8Z2E (v31.0) (wa2vmp275/25734 38792), start Wed 9/3 11:05
    BRO4CR PC-PF3VFLTL PC-PF3VFLTL (v31.0) (wa2vmp275/25734 11231), start Wed 9/3 11:10
    hui1hz2 HZ2-VDI020 SGHZ001022972 (v31.0) (wa2vmp275/25734 28916), start Wed 9/3 11:11
    set1bng VDI00000000v9u6 VDI00000000v9u6 (v31.0) (wa2vmp275/25734 20378), start Wed 9/3 11:12
    VSL1SAN PC-PF2JE03G PC-PF2JE03G (v31.0) (wa2vmp275/25734 745), start Wed 9/3 11:22
    FSK1CR PC-PF3VM52M PC-PF3VM52M (v31.0) (wa2vmp275/25734 193), start Wed 9/3 11:27
    stwzcr VDI00000000pyGG VDI00000000pyGG (v31.0) (wa2vmp275/25734 27799), start Wed 9/3 11:32
    wfm1scm VDI00000000YmJN VDI00000000YmJN (v31.0) (wa2vmp275/25734 3494), start Wed 9/3 11:35
    PIB2CR VDI000000001AXx VDI000000001AXx (v31.0) (wa2vmp275/25734 9002), start Wed 9/3 11:38
    MRA1GOA VDI00000000Zkrk VDI00000000Zkrk (v31.0) (wa2vmp275/25734 29319), start Wed 9/3 11:41
    xil1hz2 VDI00000000c0dq VDI00000000c0dq (v31.0) (wa2vmp275/25734 23841), start Wed 9/3 11:47
    EIC1CR PC-PF3ESQ8S PC-PF3ESQ8S (v31.0) (wa2vmp275/25734 15564), start Wed 9/3 11:47
    aiw3wa2 PC-PF3VH2YR PC-PF3VH2YR (v31.0) (wa2vmp275/25734 7341), start Wed 9/3 11:48
    sie1wee PCWEE443 PCWEE443 (v31.0) (wa2vmp275/25734 17787), start Wed 9/3 11:53
    GOK1BRI PC01176 PC01176 (v31.0) (wa2vmp275/25734 18367), start Wed 9/3 11:54
    KSE1BNG PC-PF2JBY5H PC-PF2JBY5H (v31.0) (wa2vmp275/25734 37816), start Wed 9/3 12:02
    zrg1bng PC-PF3XJ6F3 PC-PF3XJ6F3 (v31.0) (wa2vmp275/25734 28267), start Wed 9/3 12:04
    PRD1GOA VDI00000000Sn6O VDI00000000Sn6O (v31.0) (wa2vmp275/25734 16574), start Wed 9/3 12:15
    PEK1GOA VDI00000000FoN9 VDI00000000FoN9 (v31.0) (wa2vmp275/25734 32946), start Wed 9/3 12:09
    SIR1BNG BNG-VDI106 BNG-VDI106 (v31.0) (wa2vmp275/25734 18516), start Wed 9/3 12:10
    WTF1BNG PC-PW067789 PC-PW067789 (v31.0) (wa2vmp275/25734 26042), start Wed 9/3 12:12
    STR1BRI PC01174 PC01174 (v31.0) (wa2vmp275/25734 29612), start Wed 9/3 12:13
    SZS1BNG BNGX1972 BNGX1972 (v31.0) (wa2vmp275/25734 10682), start Wed 9/3 12:14
    SGL1BNG PC-PF4GMNTA PC-PF4GMNTA (v31.0) (wa2vmp275/25734 35249), start Wed 9/3 12:14
    FEI1HZ2 HZ2-VDI009 PC-4CV910WV8R (v31.0) (wa2vmp275/25734 36902), start Wed 9/3 12:15
    fka1bng BNG-VDI02 BNG-VDI02 (v31.0) (wa2vmp275/25734 14431), start Wed 9/3 12:15
    SDR1BRI PC01173 PC01173 (v31.0) (wa2vmp275/25734 7685), start Wed 9/3 12:15
    RAY1BNG BNG-VDI107 BNG-VDI107 (v31.0) (wa2vmp275/25734 34845), start Wed 9/3 12:17
    WCH1HZ2 HZ2-VDI039 HZ2FA101914 (v31.0) (wa2vmp275/25734 11473), start Wed 9/3 12:17
    wst1bng VDI00000000wluD VDI00000000wluD (v31.0) (wa2vmp275/25734 37097), start Wed 9/3 12:17
    RUA1BRI PC-PF2YW1Q0 PC-PF2YW1Q0 (v31.0) (wa2vmp275/25734 4422), start Wed 9/3 12:18
    BRL2CR PC-PF40H25L PC-PF40H25L (v31.0) (wa2vmp275/25734 24776), start Wed 9/3 12:18
    HZP1SAN PC-PF3V7DK1 PC-PF3V7DK1 (v31.0) (wa2vmp275/25734 31441), start Wed 9/3 12:18
    wir1bng VDI00000000U2KL VDI00000000U2KL (v31.0) (wa2vmp275/25734 5704), start Wed 9/3 12:19
    NAL1BNG BNG-VDI103 BNG-VDI103 (v31.0) (wa2vmp275/25734 25227), start Wed 9/3 12:19
    GBL1BNG PC-PF3ECVT5 PC-PF3ECVT5 (v31.0) (wa2vmp275/25734 20231), start Wed 9/3 12:19
    bot1bng VDI00000000fWJL VDI00000000fWJL (v31.0) (wa2vmp275/25734 33779), start Wed 9/3 12:20
    MDM1CR VDI00000000V5gK VDI00000000V5gK (v31.0) (wa2vmp275/25734 32061), start Wed 9/3 12:21
    9S07BNG BNG-VDI42 BNG-VDI42 (v31.0) (wa2vmp275/25734 15855), start Wed 9/3 12:23
    wsf1bng BNG-VDI19 BNG-VDI19 (v31.0) (wa2vmp275/25734 22004), start Wed 9/3 12:24
    KHD1DID DID-0037 DID-0037 (v31.0) (wa2vmp275/25734 3565), start Wed 9/3 12:24
    TML1BNG BNGX2002 BNGX2002 (v31.0) (wa2vmp275/25734 13308), start Wed 9/3 12:25
    LNT1BNG PC-PF3FSJ1E PC-PF3FSJ1E (v31.0) (wa2vmp275/25734 2360), start Wed 9/3 12:25
    bil2bng VDI0000000088lz VDI0000000088lz (v31.0) (wa2vmp275/25734 13016), start Wed 9/3 12:26
    sub1cr VDI00000000PCpQ VDI00000000PCpQ (v31.0) (wa2vmp275/25734 28375), start Wed 9/3 12:30
    kca1bng VDI00000000580F VDI00000000580F (v31.0) (wa2vmp275/25734 3136), start Wed 9/3 12:31
    FSD1GOA VDI00000000xpjo VDI00000000xpjo (v31.0) (wa2vmp275/25734 24224), start Wed 9/3 12:31
    OES1CR PC-PF3VM7QX PC-PF3VM7QX (v31.0) (wa2vmp275/25734 26363), start Wed 9/3 12:31
    DNF1KRE DID-0033 DID-0033 (v31.0) (wa2vmp275/25734 22353), start Wed 9/3 12:32
    bom1bng VDI000000005770 VDI000000005770 (v31.0) (wa2vmp275/25734 655), start Wed 9/3 12:33
    DHF1CR PC-PF3VHCN4 PC-PF3VHCN4 (v31.0) (wa2vmp275/25734 20512), start Wed 9/3 12:33
    GBR1BNG PC-PF3FSSBB PC-PF3FSSBB (v31.0) (wa2vmp275/25734 22778), start Wed 9/3 12:34
    gnr1bng BNGX1899 BNGX1899 (v31.0) (wa2vmp275/25734 38474), start Wed 9/3 12:34
    TYA1CR VDI00000000ZHLa VDI00000000ZHLa (v31.0) (wa2vmp275/25734 24149), start Wed 9/3 12:35
    CYR1GOA VDI000000004sBI VDI000000004sBI (v31.0) (wa2vmp275/25734 18734), start Wed 9/3 12:35
    KPN1BNG PC-PF3ECT44 PC-PF3ECT44 (v31.0) (wa2vmp275/25734 12831), start Wed 9/3 12:35
    mrd4bng VDI00000000IioH VDI00000000IioH (v31.0) (wa2vmp275/25734 4968), start Wed 9/3 12:35
    KRM1SCM VDI00000000MxUV VDI00000000MxUV (v31.0) (wa2vmp275/25734 21814), start Wed 9/3 12:36
    LUW1BNG BNG-VDI87 BNG-VDI87 (v31.0) (wa2vmp275/25734 32633), start Wed 9/3 12:36
    RTC1GOA DID-0041 DID-0041 (v31.0) (wa2vmp275/25734 2737), start Wed 9/3 12:47
    mct1cr VDI00000000tlkR VDI00000000tlkR (v31.0) (wa2vmp275/25734 34415), start Wed 9/3 12:36
    RNK1SAN PC-PF5DCC8T PC-PF5DCC8T (v31.0) (wa2vmp275/25734 10521), start Wed 9/3 12:37
    GLJ1CR CR-Z5258 PC-PF3VJ3CY (v31.0) (wa2vmp275/25734 38210), start Wed 9/3 12:37
    nij1cr CR-VDI065 CR-VDI065 (v31.0) (wa2vmp275/25734 16696), start Wed 9/3 12:37
    fom1wa2 VDI00000000JSsh VDI00000000JSsh (v31.0) (wa2vmp275/25734 14140), start Wed 9/3 12:37
    NIJ2WEE PC-PF4GNVGT PC-PF4GNVGT (v31.0) (wa2vmp275/25734 37135), start Wed 9/3 12:38
    JNH5SAN PC-PF22MDYN PC-PF22MDYN (v31.0) (wa2vmp275/25734 7945), start Wed 9/3 12:38
    fsm1rem REMZ00L2 REMZ00L2 (v31.0) (wa2vmp275/25734 19107), start Wed 9/3 12:39
    BDE16CR PC-PF3VCN3E PC-PF3VCN3E (v31.0) (wa2vmp275/25734 16282), start Wed 9/3 12:39
    FIM1SAN PC-PF500NR9 PC-PF500NR9 (v31.0) (wa2vmp275/25734 9779), start Wed 9/3 12:39
    WIF2CR PC00992 PC00992 (v31.0) (wa2vmp275/25734 16070), start Wed 9/3 12:39
    JOA1CR PC-PF3E45QM PC-PF3E45QM (v31.0) (wa2vmp275/25734 25882), start Wed 9/3 12:39
    TGA03CR PC-PF40H43A PC-PF40H43A (v31.0) (wa2vmp275/25734 28759), start Wed 9/3 12:39
    BRD1BNG BNGX1973 BNGX1973 (v31.0) (wa2vmp275/25734 5448), start Wed 9/3 12:40
    skm1cr VDI00000000cJ8v VDI00000000cJ8v (v31.0) (wa2vmp275/25734 23301), start Wed 9/3 12:40
    BIS1BNG PC-PF3XKHPP PC-PF3VBY0B (v31.0) (wa2vmp275/25734 31057), start Wed 9/3 12:40
    WLF2WA2 PC00221 PC01339 (v31.0) (wa2vmp275/25734 22461), start Wed 9/3 12:41
    TRV1GOA VDI00000000RfBD VDI00000000RfBD (v31.0) (wa2vmp275/25734 8628), start Wed 9/3 12:41
    kig2goa VDI00000000zDFt VDI00000000zDFt (v31.0) (wa2vmp275/25734 18250), start Wed 9/3 12:41
    REB1REM PC-PF3VEVXC PC-PF3VEVXC (v31.0) (wa2vmp275/25734 2556), start Wed 9/3 12:41
    grd3tez PC-PF3TTC5K PC-PF3TTC5K (v31.0) (wa2vmp275/25734 15034), start Wed 9/3 12:42
    SZF1CR CR-VDI040 CR-VDI040 (v31.0) (wa2vmp275/25734 14630), start Wed 9/3 12:42
    byt1bng BNGX1911 PC-PF2H4VCZ (v31.0) (wa2vmp275/25734 13778), start Wed 9/3 12:42
    WRF2BNG PC-PF3ECJPR PC-PF3ECJPR (v31.0) (wa2vmp275/25734 11842), start Wed 9/3 12:42
    SRN3BNG PC-PF3FSSBT PC-PF3FSSBT (v31.0) (wa2vmp275/25734 6008), start Wed 9/3 12:43
    jnh3san PC-PF2JD65G PC-PF2JD65G (v31.0) (wa2vmp275/25734 4581), start Wed 9/3 12:43
    CAX1HZ2 VDI00000000QOuI PC-4CV947WVCL (v31.0) (wa2vmp275/25734 37648), start Wed 9/3 12:44
    GFT1CR PC-PF3VM6L5 PC-PF3VM6L5 (v31.0) (wa2vmp275/25734 19269), start Wed 9/3 12:44
    HRS2CR PC-PF3VH87L PC-PF3VH87L (v31.0) (wa2vmp275/25734 27105), start Wed 9/3 12:44
    GSR1CR PC-PF3DWJGM PC-PF3DWJGM (v31.0) (wa2vmp275/25734 23985), start Wed 9/3 12:44
    vak2wee VDI00000000SENb VDI00000000SENb (v31.0) (wa2vmp275/25734 1459), start Wed 9/3 12:44
    HEK2CR PC-PF40H42V PC-PF40H42V (v31.0) (wa2vmp275/25734 36176), start Wed 9/3 12:44
    ECS2CR PC-PF39DYJ6 PC-PF39DYJ6 (v31.0) (wa2vmp275/25734 32135), start Wed 9/3 12:44
    TTO1scm VDI00000000nxtU VDI00000000nxtU (v31.0) (wa2vmp275/25734 25778), start Wed 9/3 12:44
    shl2hz2 VDI00000000q3rh HZ2FA101674 (v31.0) (wa2vmp275/25734 10334), start Wed 9/3 12:44
    IRL1CR PC-PF3FQ2SH PC-PF3FQ2SH (v31.0) (wa2vmp275/25734 3388), start Wed 9/3 12:44
    hof3wee PCWEE-VDI004 PCWEE-VDI004 (v31.0) (wa2vmp275/25734 1591), start Wed 9/3 12:45
    WRD1BNG PC-PF3DYJNB PC-PF3DYJNB (v31.0) (wa2vmp275/25734 29779), start Wed 9/3 12:45
    FIB1WA2 VDI000000003nXF VDI000000003nXF (v31.0) (wa2vmp275/25734 5975), start Wed 9/3 12:45
    WSN1WEE PCWEE-VDI019 PCWEE-VDI019 (v31.0) (wa2vmp275/25734 25016), start Wed 9/3 12:45
    AML1BNG BNG-VDI101 BNG-VDI101 (v31.0) (wa2vmp275/25734 38519), start Wed 9/3 12:45
    HTA1CR PC-PF3FB4Y9 PC-PF3FB4Y9 (v31.0) (wa2vmp275/25734 9932), start Wed 9/3 12:45
    FUB2WA2 PC-PF40H24X PC-PF40H24X (v31.0) (wa2vmp275/25734 33140), start Wed 9/3 12:45
    GYP1GOA VDI00000000TeHT VDI00000000TeHT (v31.0) (wa2vmp275/25734 16931), start Wed 9/3 12:45
    MKO1GOA VDI00000000A4NR VDI00000000A4NR (v31.0) (wa2vmp275/25734 17365), start Wed 9/3 12:47
    RZE1WEE PC-PF4GMEMQ PC-PF4GMEMQ (v31.0) (wa2vmp275/25734 30242), start Wed 9/3 12:47
    Kig2goa VDI00000000LHus VDI00000000LHus (v31.0) (wa2vmp275/25734 2135), start Wed 9/3 12:47
    lks2bng VDI00000000OZY0 VDI00000000OZY0 (v31.0) (wa2vmp275/25734 1907), start Wed 9/3 12:47
    RAY1BNG BNG-VDI105 BNG-VDI105 (v31.0) (wa2vmp275/25734 7493), start Wed 9/3 12:47
    VKR1DID DID-0032 DID-0032 (v31.0) (wa2vmp275/25734 17818), start Wed 9/3 12:48
    BEF1CR PC-PF4T5S1R PC-PF4T5S1R (v31.0) (wa2vmp275/25734 35848), start Wed 9/3 12:48
    fim2cr VDI00000000ynEE VDI00000000ynEE (v31.0) (wa2vmp275/25734 9648), start Wed 9/3 12:48
    WIM3REM PC-PF3VG4Z7 PC-PF3VG4Z7 (v31.0) (wa2vmp275/25734 36453), start Wed 9/3 12:49
    bsd1bng BNG-VDI03 BNG-VDI03 (v31.0) (wa2vmp275/25734 9422), start Wed 9/3 12:49
    VNB1WEE VDI00000000yFpl VDI00000000yFpl (v31.0) (wa2vmp275/25734 15475), start Wed 9/3 12:49
    fsj2bng VDI00000000VaqA VDI00000000VaqA (v31.0) (wa2vmp275/25734 22914), start Wed 9/3 12:49
    wrf1rem REMZ00JU PC-PF3ESQS5 (v31.0) (wa2vmp275/25734 8774), start Wed 9/3 12:49
    muk1bng VDI00000000cG1L VDI00000000cG1L (v31.0) (wa2vmp275/25734 975), start Wed 9/3 12:50
    IID1BNG PC-PF2F6ANS PC-PF2F6ANS (v31.0) (wa2vmp275/25734 15342), start Wed 9/3 12:50
    WED2CR CR-Z4944 CR-Z4944 (v31.0) (wa2vmp275/25734 27267), start Wed 9/3 12:50
    see1rem REMZ00KW PC-PF3VJPB3 (v31.0) (wa2vmp275/25734 12194), start Wed 9/3 12:50
    lrj1rem VDI00000000K5RE VDI00000000K5RE (v31.0) (wa2vmp275/25734 24010), start Wed 9/3 12:50
    brs2wa2 PC-PF3VM7NW PC-PF3VM7NW (v31.0) (wa2vmp275/25734 16401), start Wed 9/3 12:50
    STF2CR PC-PF40GZXZ PC-PF40GZXZ (v31.0) (wa2vmp275/25734 15248), start Wed 9/3 12:50
    KEMZCR VDI00000000ET4O VDI00000000ET4O (v31.0) (wa2vmp275/25734 20820), start Wed 9/3 12:50
    weh2cr PC-PF3VM6BE PC-PF3VM6BE (v31.0) (wa2vmp275/25734 33425), start Wed 9/3 12:50
    HRS2REM PC-PF4XJS87 PC-PF4XJS87 (v31.0) (wa2vmp275/25734 5390), start Wed 9/3 12:50
    lrf1cr VDI00000000Rk8i VDI00000000Rk8i (v31.0) (wa2vmp275/25734 39052), start Wed 9/3 12:50
    prm4cr VDI00000000sLZJ VDI00000000sLZJ (v31.0) (wa2vmp275/25734 1226), start Wed 9/3 12:51
    HNK4SAN PC-PF500NSR PC-PF500NSR (v31.0) (wa2vmp275/25734 27325), start Wed 9/3 12:51
    GZS1BNG PC-PF2QLAHZ PC-PF2QLAHZ (v31.0) (wa2vmp275/25734 25960), start Wed 9/3 12:51
    URR1DID PC-PF3FPXWV PC-PF3FPXWV (v31.0) (wa2vmp275/25734 16866), start Wed 9/3 12:51
    PZL1WEE PC-PF4GMELF PC-PF4GMELF (v31.0) (wa2vmp275/25734 31610), start Wed 9/3 12:52
    DGR1HZ2 HZ2-VDI086 HZ2FA101920 (v31.0) (wa2vmp275/25734 36285), start Wed 9/3 12:52
    GLB2CR VDI00000000MZrM VDI00000000MZrM (v31.0) (wa2vmp275/25734 35486), start Wed 9/3 12:52
    MED1BNG PC-PF37XCS8 PC-PF37XCS8 (v31.0) (wa2vmp275/25734 267), start Wed 9/3 12:52
    TAN1BNG PC-PF37SYZC PC-PF37SYZC (v31.0) (wa2vmp275/25734 26817), start Wed 9/3 12:52
    ruw2wa2 WA23DVDI021 WA23DVDI021 (v31.0) (wa2vmp275/25734 38045), start Wed 9/3 12:53
    MSM1CR VDI000000009V4E VDI000000009V4E (v31.0) (wa2vmp275/25734 30497), start Wed 9/3 12:53
    CNT2WEE PC-PF4GNV7Y PC-PF4GNV7Y (v31.0) (wa2vmp275/25734 37330), start Wed 9/3 12:53
    snr2bng PC-PF3XKFT2 PC-PF3XKFT2 (v31.0) (wa2vmp275/25734 36553), start Wed 9/3 12:53
    grg1bng VDI000000003YY7 VDI000000003YY7 (v31.0) (wa2vmp275/25734 20058), start Wed 9/3 12:53
    TRC1TEZ PC-PF2TVRHV PC-PF2TVRHV (v31.0) (wa2vmp275/25734 33969), start Wed 9/3 12:53
    rta1scm VDI00000000XIs9 VDI00000000XIs9 (v31.0) (wa2vmp275/25734 17193), start Wed 9/3 12:53
    WRD3BNG PC-PF3FDTVB PC-PF3FDTVB (v31.0) (wa2vmp275/25734 7849), start Wed 9/3 12:53
    HDA1DID PC-PF1VA8LN PC-PF1VA8LN (v31.0) (wa2vmp275/25734 35194), start Wed 9/3 12:54
    SRL2CR PC-PF3VM61Z PC-PF3VM61Z (v31.0) (wa2vmp275/25734 38619), start Wed 9/3 12:54
    BEC1KNY PC-CZC909868J PC-CZC909868J (v31.0) (wa2vmp275/25734 9164), start Wed 9/3 12:54
    abt2cr CR-VDI005 CR-VDI005 (v31.0) (wa2vmp275/25734 2619), start Wed 9/3 12:55
    KRA4WA2 WA2Z6408 WA2Z6408 (v31.0) (wa2vmp275/25734 12230), start Wed 9/3 12:55
    sna1bng VDI00000000puv8 VDI00000000puv8 (v31.0) (wa2vmp275/25734 22587), start Wed 9/3 12:55
    mas1bng BNG-VDI34 BNG-VDI34 (v31.0) (wa2vmp275/25734 36879), start Wed 9/3 12:55
    BO72WA2 PC-PF3ESLNB PC-PF3ESLNB (v31.0) (wa2vmp275/25734 27408), start Wed 9/3 12:55
    TMK2BNG BNGX2005 BNGX2005 (v31.0) (wa2vmp275/25734 30509), start Wed 9/3 12:55
    doc1bng PC-PF3FSPLQ PC-PF3FSPLQ (v31.0) (wa2vmp275/25734 8223), start Wed 9/3 12:55
    ELR2CR PC-PF3VJNF8 PC-PF3VJNF8 (v31.0) (wa2vmp275/25734 36664), start Wed 9/3 12:55
    gra1cr VDI00000000NE2d VDI00000000NE2d (v31.0) (wa2vmp275/25734 34547), start Wed 9/3 12:56
    sms2wee PC-PF4GNVHB PC-PF4GNVHB (v31.0) (wa2vmp275/25734 26619), start Wed 9/3 12:56
    1TU2SAN SAN-0014 SAN-0014 (v31.0) (wa2vmp275/25734 15642), start Wed 9/3 12:56
    grl1bng VDI00000000yR8j VDI00000000yR8j (v31.0) (wa2vmp275/25734 2406), start Wed 9/3 12:56
    NKP3VRA VDI00000000ae29 VDI00000000ae29 (v31.0) (wa2vmp275/25734 37570), start Wed 9/3 12:56
    CLN1WEE VDI00000000NGlF VDI00000000NGlF (v31.0) (wa2vmp275/25734 410), start Wed 9/3 12:56
    brs1rem REMZ00L4 REMZ00J0 (v31.0) (wa2vmp275/25734 1085), start Wed 9/3 12:56
    hrr2bng PC-PW06777N PC-PW06777N (v31.0) (wa2vmp275/25734 21750), start Wed 9/3 12:56
    MRS1GOA VDI00000000Q0gk VDI00000000Q0gk (v31.0) (wa2vmp275/25734 18442), start Wed 9/3 12:57
    GNB2BNG VDI00000000wPkv VDI00000000wPkv (v31.0) (wa2vmp275/25734 11384), start Wed 9/3 12:57
    BSA1WEE PC-PF4GNVDF PC-PF4GNVDF (v31.0) (wa2vmp275/25734 16152), start Wed 9/3 12:57
    JNL2SAN PC-PF5D9Z7F PC-PF5D9Z7F (v31.0) (wa2vmp275/25734 21184), start Wed 9/3 12:57
    SRS1DID PC-PF3VM7Q0 PC-PF3VM7Q0 (v31.0) (wa2vmp275/25734 35030), start Wed 9/3 12:57
    GRA1GOA REM-VDI021 REM-VDI021 (v31.0) (wa2vmp275/25734 27903), start Wed 9/3 12:57
    srr1bng PC-PF3FSGFR PC-PF3FSGFR (v31.0) (wa2vmp275/25734 27077), start Wed 9/3 12:57
    MST1WA2 PC-PF414K2K PC-PF308HV5 (v31.0) (wa2vmp275/25734 13182), start Wed 9/3 12:57
    HNM4SAN PC-PF4YJW4Z PC-PF4YJW4Z (v31.0) (wa2vmp275/25734 8501), start Wed 9/3 12:58
    wsc1wa2 VDI00000000o451 VDI00000000o451 (v31.0) (wa2vmp275/25734 13244), start Wed 9/3 12:58
    KU81DID PC-PF3DWL6L PC-PF3DWL6L (v31.0) (wa2vmp275/25734 13682), start Wed 9/3 12:58
    mcb1bng PC-PF3VAH30 PC-PF3VAH30 (v31.0) (wa2vmp275/25734 14906), start Wed 9/3 12:58
    brs1bng VDI00000000Cu1R VDI00000000Cu1R (v31.0) (wa2vmp275/25734 21011), start Wed 9/3 12:58
    bat3wa2 PC-PF3DWJW7 PC-PF3DWJW7 (v31.0) (wa2vmp275/25734 13881), start Wed 9/3 12:58
    lre8nrd BNG-VDI06 BNG-VDI06 (v31.0) (wa2vmp275/25734 13992), start Wed 9/3 12:59
    bad5cr CR-VDI022 CR-VDI022 (v31.0) (wa2vmp275/25734 28563), start Wed 9/3 12:59
    mrh1rem REMZ00L0 REMZ00L0 (v31.0) (wa2vmp275/25734 23505), start Wed 9/3 12:59
    LRT1REM PC-PF3VGXH6 PC-PF3VGXH6 (v31.0) (wa2vmp275/25734 12489), start Wed 9/3 12:59
    MRE1BNG PC-PF3FSN5Y PC-PF3FSN5Y (v31.0) (wa2vmp275/25734 10281), start Wed 9/3 12:59
    WER6CR PC-PF3VFQZ4 PC-PF3VFQZ4 (v31.0) (wa2vmp275/25734 30022), start Wed 9/3 12:59
    NKS5GOA VDI00000000HiI6 VDI00000000HiI6 (v31.0) (wa2vmp275/25734 13456), start Wed 9/3 13:00
    S020SYN HZ2-VDI057 HZ2-VDI057 (v31.0) (wa2vmp275/25734 20470), start Wed 9/3 13:00
    ILM2CR PC-PF3ESPAT PC-PF40GZXJ (v31.0) (wa2vmp275/25734 6728), start Wed 9/3 13:00
    ZES1BNG PC-CZC911BDS4 PC-CZC911BDS4 (v31.0) (wa2vmp275/25734 38965), start Wed 9/3 13:01
    SRM4REM PC-PF3E49EJ PC-PF3E49EJ (v31.0) (wa2vmp275/25734 17570), start Wed 9/3 13:01
    slm2bng BNG-VDI18 BNG-VDI18 (v31.0) (wa2vmp275/25734 29001), start Wed 9/3 13:01
    zea5cr VDI000000005BMK VDI000000005BMK (v31.0) (wa2vmp275/25734 1145), start Wed 9/3 13:01
    SLF2BNG PC-PF3EVR1T PC-PF3EVR1T (v31.0) (wa2vmp275/25734 4639), start Wed 9/3 13:01
    MIT2WA2 PC-PF3VF1F6 PC-PF3VF1F6 (v31.0) (wa2vmp275/25734 35650), start Wed 9/3 13:01
    HGS1REM PC-PF3VM5T1 PC-PF3VM5T1 (v31.0) (wa2vmp275/25734 30699), start Wed 9/3 13:01
    rnp1san PC-PF2JD6XY PC-PF2JD6XY (v31.0) (wa2vmp275/25734 14216), start Wed 9/3 13:01
    REA3WA2 VDI00000000mzYJ VDI00000000mzYJ (v31.0) (wa2vmp275/25734 19540), start Wed 9/3 13:01
    ENV1BNG PC-PF3DYJBQ PC-PF2YGCKP (v31.0) (wa2vmp275/25734 33278), start Wed 9/3 13:01
    TMS4BNG PC-PF2YGHN3 PC-PF2YGHN3 (v31.0) (wa2vmp275/25734 12085), start Wed 9/3 13:02
    brh1scm VDI000000000ZmE VDI000000000ZmE (v31.0) (wa2vmp275/25734 14358), start Wed 9/3 13:02
    se71cr VDI00000000UiMG VDI00000000UiMG (v31.0) (wa2vmp275/25734 28693), start Wed 9/3 13:02
    WEP1GOA VDI000000007AiM VDI000000007AiM (v31.0) (wa2vmp275/25734 8804), start Wed 9/3 13:02
    gry1bng VDI00000000gzFT VDI00000000gzFT (v31.0) (wa2vmp275/25734 34387), start Wed 9/3 13:03
    MMA2WA2 PC-PF3S3X1W PC-PF3S3X1W (v31.0) (wa2vmp275/25734 28154), start Wed 9/3 13:03
    fsj2bng VDI00000000Zp4l VDI00000000Zp4l (v31.0) (wa2vmp275/25734 19907), start Wed 9/3 13:03
    RTC1GOA PC-PF3E49G6 PC-PF58A3A5 (v31.0) (wa2vmp275/25734 36757), start Wed 9/3 13:03
    shr1rem VDI00000000BLbS VDI00000000BLbS (v31.0) (wa2vmp275/25734 37421), start Wed 9/3 13:03
    crr1sdm BNG-VDI94 BNG-VDI94 (v31.0) (wa2vmp275/25734 19481), start Wed 9/3 13:03
    hat1cr VDI00000000Fq41 VDI00000000Fq41 (v31.0) (wa2vmp275/25734 26715), start Wed 9/3 13:04

Users of cae_cwpro:  (Total of 5 licenses issued;  Total of 0 licenses in use)

Users of swofficepro:  (Total of 13 licenses issued;  Total of 13 licenses in use)

  "swofficepro" v32.0, vendor: SW_D, expiry: 03-dec-2026
  vendor_string: sd=12-03-2024
  floating license

    NRI5VRA VRAZ0321 VRAZ0321 (v12.0) (wa2vmp275/25734 4360), start Mon 9/1 9:36
    HIA1VRA PC-PF1N5LKY PC-PF1N5LKY (v12.0) (wa2vmp275/25734 28042), start Wed 9/3 5:47
    MOA1REM PC-PF3W9DT1 PC-PF3W9DT1 (v12.0) (wa2vmp275/25734 35740), start Wed 9/3 7:23
    LGD2CR PC-PF2Y4842 PC-PF2Y4842 (v12.0) (wa2vmp275/25734 36034), start Wed 9/3 7:23
    MSA1WEE PC-PW09BLDJ PC-PW09BLDJ (v12.0) (wa2vmp275/25734 34953), start Wed 9/3 7:32
    GOR1WEE PC-PW09BLEK PC-PW09BLEK (v12.0) (wa2vmp275/25734 12979), start Wed 9/3 9:15
    LKP1TRC PC-PF39V1GC PC-PF39V1GC (v12.0) (wa2vmp275/25734 26263), start Wed 9/3 11:04
    102zwee PC-PW09BLCP PC-PW09BLCP (v12.0) (wa2vmp275/25734 21938), start Wed 9/3 12:00
    STL1BRI PC-PF3R2L75 PC-PF3R2L75 (v12.0) (wa2vmp275/25734 2850), start Wed 9/3 12:00
    WHA1HZ2 PC-PF3W44LD PC-PF3W44LD (v12.0) (wa2vmp275/25734 15198), start Wed 9/3 12:00
    STR1BRI PC01174 PC01174 (v31.0) (wa2vmp275/25734 4244), start Wed 9/3 12:14
    FIB1WA2 VDI000000003nXF VDI000000003nXF (v31.0) (wa2vmp275/25734 3926), start Wed 9/3 12:45
    HNM4SAN PC-PF4YJW4Z PC-PF4YJW4Z (v31.0) (wa2vmp275/25734 3046), start Wed 9/3 12:58

Users of cae_cwadvpro:  (Total of 2 licenses issued;  Total of 0 licenses in use)

Users of swcomposer:  (Total of 9 licenses issued;  Total of 8 licenses in use)

  "swcomposer" v32.0, vendor: SW_D, expiry: 03-dec-2026
  vendor_string: sd=12-03-2024
  floating license

    SGP1BNG PC-PF3XJ153 PC-PF3VC90C (v31.0) (wa2vmp275/25734 17628), start Tue 9/2 15:19
    zic1bng PC-PF3FSSFG PC-PF3FSSFG (v31.0) (wa2vmp275/25734 26545), start Wed 9/3 7:20
    BIS1BNG PC-PF3XKHPP PC-PF3VBY0B (v31.0) (wa2vmp275/25734 13584), start Wed 9/3 8:38
    WRM1BNG PC-PF3FDRZH PC-PF3FDRZH (v31.0) (wa2vmp275/25734 9520), start Wed 9/3 11:09
    STN1WEE PC-PF4GNV5C PC-PF4GNV5C (v31.0) (wa2vmp275/25734 30893), start Wed 9/3 11:35
    HNL1WEE PCWEE-VDI009 PCWEE-VDI009 (v31.0) (wa2vmp275/25734 11070), start Wed 9/3 11:38
    sie1wee PC-PF4GMGVX PC-PF4GMGVX (v31.0) (wa2vmp275/25734 24985), start Wed 9/3 11:54
    srw2wa2 WA23DVDI065 WA23DVDI065 (v31.0) (wa2vmp275/25734 24379), start Wed 9/3 12:34

Users of camstd:  (Total of 339 licenses issued;  Total of 4 licenses in use)

  "camstd" v32.0, vendor: SW_D, expiry: 03-dec-2026
  vendor_string: sd=12-03-2024
  floating license

    VNB1WEE PCWEE468 PCWEE468 (v31.0) (wa2vmp275/25734 371), start Wed 9/3 10:49
    TGA03CR PC-PF40H43A PC-PF40H43A (v31.0) (wa2vmp275/25734 8348), start Wed 9/3 12:39
    MST1WA2 PC-PF414K2K PC-PF308HV5 (v31.0) (wa2vmp275/25734 6688), start Wed 9/3 12:58
    WEP1GOA VDI000000007AiM VDI000000007AiM (v31.0) (wa2vmp275/25734 34021), start Wed 9/3 13:02

Users of visustd:  (Total of 26 licenses issued;  Total of 0 licenses in use)



--- STDERR ---

RC=0
